// Jest Snapshot v1, https://goo.gl/fbAQLP

exports[`Button renders a button 1`] = `
<div>
  <button
    class="css-hhi3rx"
  />
</div>
`;
